// Jest Snapshot v1, https://goo.gl/fbAQLP

exports[`Dropdown Dropdown renders 1`] = `
.c1 {
  text-align: center;
}

.c0 {
  display: -webkit-box;
  display: -webkit-flex;
  display: -ms-flexbox;
  display: flex;
  -webkit-align-items: center;
  -webkit-box-align: center;
  -ms-flex-align: center;
  align-items: center;
  -webkit-box-pack: center;
  -webkit-justify-content: center;
  -ms-flex-pack: center;
  justify-content: center;
  -webkit-flex-direction: column;
  -ms-flex-direction: column;
  flex-direction: column;
}

<div
  className="c0 c1"
  direction="column"
  width={undefined}
>
  Dropdown
</div>
`;
