// Jest Snapshot v1, https://goo.gl/fbAQLP

exports[`theme snapshot 1`] = `
Object {
  "bold": 600,
  "boxShadows": Array [
    "0 0 2px 0 rgba(0,0,0,.08),0 1px 4px 0 rgba(0,0,0,.16)",
    "0 0 2px 0 rgba(0,0,0,.08),0 2px 8px 0 rgba(0,0,0,.16)",
    "0 0 2px 0 rgba(0,0,0,.08),0 4px 16px 0 rgba(0,0,0,.16)",
    "0 0 2px 0 rgba(0,0,0,.08),0 8px 32px 0 rgba(0,0,0,.16)",
  ],
  "breakpoints": Array [
    32,
    40,
    48,
    64,
  ],
  "colors": Object {
    "black": "#000",
    "blue": "#007aff",
    "borderGray": "#d1d6db",
    "darkBlue": "#049",
    "darkGray": "#364049",
    "darkGreen": "#060",
    "darkOrange": "#a50",
    "darkPurple": "#407",
    "darkRed": "#800",
    "gray": "#687B8E",
    "green": "#0a0",
    "lightBlue": "#cdf",
    "lightGray": "#f6f8fa",
    "lightGreen": "#cec",
    "lightOrange": "#feb",
    "lightPurple": "#ecf",
    "lightRed": "#fcc",
    "orange": "#fa0",
    "purple": "#70b",
    "red": "#c00",
    "text": "#001833",
    "white": "#fff",
  },
  "font": "'Montserrat','Helvetica Neue',Helvetica,Arial,sans-serif",
  "fontSizes": Array [
    12,
    14,
    16,
    20,
    24,
    32,
    48,
  ],
  "fontWeights": Object {
    "bold": 600,
    "regular": 400,
  },
  "maxContainerWidth": "1280px",
  "mediaQueries": Array [
    "@media screen and (min-width:32em)",
    "@media screen and (min-width:40em)",
    "@media screen and (min-width:48em)",
    "@media screen and (min-width:64em)",
  ],
  "radii": Array [
    0,
    2,
    6,
  ],
  "radius": "2px",
  "regular": 400,
  "space": Array [
    0,
    4,
    8,
    16,
    32,
    64,
    128,
  ],
}
`;
